[getmasum.com/html-preview/keeway/index.html]
[backblue.gif]
[fade.gif]
[index.html]
[getmasum.com/html-preview/keeway/assets/fonts/font-awesome.min.css]
[getmasum.com/html-preview/keeway/assets/css/bootstrap.min.css]
[getmasum.com/html-preview/keeway/assets/owlcarousel/css/owl.carousel.css]
[getmasum.com/html-preview/keeway/assets/owlcarousel/css/owl.theme.css]
[getmasum.com/html-preview/keeway/assets/css/venobox.css]
[getmasum.com/html-preview/keeway/assets/css/animate.css]
[getmasum.com/html-preview/keeway/assets/css/style.css]
[getmasum.com/html-preview/keeway/assets/css/responsive.css]
[getmasum.com/html-preview/keeway/assets/css/switcher/switcher.css]
[getmasum.com/html-preview/keeway/assets/css/switcher/style1.css]
[getmasum.com/html-preview/keeway/index-2.html]
[getmasum.com/html-preview/keeway/assets/img/logo.png]
[getmasum.com/html-preview/keeway/assets/img/laptop.png]
[getmasum.com/html-preview/keeway/assets/img/portfolio/1.jpg]
[getmasum.com/html-preview/keeway/assets/img/portfolio/2.jpg]
[getmasum.com/html-preview/keeway/assets/img/portfolio/3.jpg]
[getmasum.com/html-preview/keeway/assets/img/portfolio/4.jpg]
[getmasum.com/html-preview/keeway/assets/img/portfolio/5.jpg]
[getmasum.com/html-preview/keeway/assets/img/portfolio/6.jpg]
[getmasum.com/html-preview/keeway/assets/img/bg/download-bg.jpg]
[getmasum.com/html-preview/keeway/assets/img/team/1.png]
[getmasum.com/html-preview/keeway/assets/img/team/2.png]
[getmasum.com/html-preview/keeway/assets/img/team/3.png]
[getmasum.com/html-preview/keeway/assets/img/team/4.png]
[getmasum.com/html-preview/keeway/assets/img/bg/testimonial-bg.jpg]
[getmasum.com/html-preview/keeway/assets/img/testimonial/1.jpg]
[getmasum.com/html-preview/keeway/assets/img/testimonial/2.jpg]
[getmasum.com/html-preview/keeway/assets/img/testimonial/3.jpg]
[getmasum.com/html-preview/keeway/assets/img/partner/1.png]
[getmasum.com/html-preview/keeway/assets/img/partner/2.png]
[getmasum.com/html-preview/keeway/assets/img/partner/3.png]
[getmasum.com/html-preview/keeway/assets/img/partner/4.png]
[getmasum.com/html-preview/keeway/assets/img/partner/5.png]
[getmasum.com/html-preview/keeway/assets/img/partner/6.png]
[getmasum.com/html-preview/keeway/assets/img/blog/1.jpg]
[getmasum.com/html-preview/keeway/assets/img/blog/2.jpg]
[getmasum.com/html-preview/keeway/assets/img/blog/3.jpg]
[getmasum.com/html-preview/keeway/assets/js/jquery-1.12.4.min.js]
[getmasum.com/html-preview/keeway/assets/js/bootstrap.min.js]
[getmasum.com/html-preview/keeway/assets/js/modernizr-2.8.3.min.js]
[getmasum.com/html-preview/keeway/assets/js/jquery.stellar.min.js]
[getmasum.com/html-preview/keeway/assets/js/jquery.inview.min.js]
[getmasum.com/html-preview/keeway/assets/owlcarousel/js/owl.carousel.min.js]
[getmasum.com/html-preview/keeway/assets/js/jquery.mixitup.js]
[getmasum.com/html-preview/keeway/assets/js/venobox.min.js]
[getmasum.com/html-preview/keeway/assets/js/scrolltopcontrol.js]
[getmasum.com/html-preview/keeway/assets/js/form-contact.js]
[getmasum.com/html-preview/keeway/assets/js/jquery.appear.js]
[getmasum.com/html-preview/keeway/assets/js/wow.min.js]
[getmasum.com/html-preview/keeway/assets/js/switcher.js]
[getmasum.com/html-preview/keeway/index.html]
[getmasum.com/html-preview/keeway/assets/js/scripts.js]
[getmasum.com/html-preview/keeway/assets/css/bootstrap.min.css]
[getmasum.com/html-preview/keeway/assets/fonts/fontawesome-webfont3295.eot]
[getmasum.com/html-preview/keeway/assets/fonts/fontawesome-webfontd41d.eot]
[getmasum.com/html-preview/keeway/assets/fonts/fontawesome-webfont3295.woff2]
[getmasum.com/html-preview/keeway/assets/fonts/fontawesome-webfont3295.woff]
[getmasum.com/html-preview/keeway/assets/fonts/fontawesome-webfont3295.ttf]
[getmasum.com/html-preview/keeway/assets/fonts/font-awesome.min.css]
[getmasum.com/html-preview/keeway/assets/owlcarousel/css/owl.carousel.css]
[getmasum.com/html-preview/keeway/assets/fonts/fontawesome-webfont3295.svg]
[getmasum.com/html-preview/keeway/assets/owlcarousel/css/owl.theme.css]
[getmasum.com/html-preview/keeway/assets/css/preload-circle.png]
[getmasum.com/html-preview/keeway/assets/css/close.gif]
[getmasum.com/html-preview/keeway/assets/css/prev.gif]
[getmasum.com/html-preview/keeway/assets/css/venobox.css]
[getmasum.com/html-preview/keeway/assets/css/animate.css]
[getmasum.com/html-preview/keeway/assets/css/next.gif]
[getmasum.com/html-preview/keeway/assets/img/bg/slider1.jpg]
[getmasum.com/html-preview/keeway/assets/img/bg/slider2.png]
[getmasum.com/html-preview/keeway/assets/css/style.css]
[getmasum.com/html-preview/keeway/assets/css/responsive.css]
[getmasum.com/html-preview/keeway/assets/css/switcher/switcher.css]
[getmasum.com/html-preview/keeway/assets/css/switcher/style1.css]
[getmasum.com/html-preview/keeway/index-2.html]
[getmasum.com/html-preview/keeway/assets/fonts/glyphicons-halflings-regular.html]
[getmasum.com/html-preview/keeway/assets/fonts/glyphicons-halflings-regulard41d.html]
[getmasum.com/html-preview/keeway/assets/fonts/glyphicons-halflings-regular-2.html]
[getmasum.com/html-preview/keeway/assets/fonts/glyphicons-halflings-regular-3.html]
[getmasum.com/html-preview/keeway/assets/fonts/glyphicons-halflings-regular-4.html]
[getmasum.com/html-preview/keeway/assets/fonts/glyphicons-halflings-regular-5.html]
[getmasum.com/html-preview/keeway/assets/fonts/fontawesome-webfont3295.svg]
[getmasum.com/html-preview/keeway/assets/owlcarousel/css/grabbing.html]
[getmasum.com/html-preview/keeway/assets/owlcarousel/css/AjaxLoader.html]
[getmasum.com/html-preview/keeway/assets/img/bg/slider3.jpg]
