[www.picseel.com/themes/craftowp-v2.3/index.html]
[backblue.gif]
[fade.gif]
[index.html]
[www.picseel.com/themes/craftowp-v2.3/wp-content/uploads/2014/08/apple-icon.png]
[www.picseel.com/themes/craftowp-v2.3/wp-content/uploads/2014/08/icon.png]
[www.picseel.com/themes/craftowp-v2.3/wp-content/uploads/2014/08/windows-icon.png]
[www.picseel.com/themes/craftowp-v2.3/xmlrpc.php]
[www.picseel.com/themes/craftowp-v2.3/wp-content/plugins/contact-form-7/includes/css/styles.css]
[www.picseel.com/themes/craftowp-v2.3/feed/index.html]
[www.picseel.com/themes/craftowp-v2.3/comments/feed/index.html]
[www.picseel.com/themes/craftowp-v2.3/wp-content/themes/craftowp/css/bootstrap.css]
[www.picseel.com/themes/craftowp-v2.3/wp-content/themes/craftowp/css/prettyPhoto.css]
[www.picseel.com/themes/craftowp-v2.3/home/feed/index.html]
[www.picseel.com/themes/craftowp-v2.3/wp-content/themes/craftowp/css/animate.css]
[www.picseel.com/themes/craftowp-v2.3/wp-content/themes/craftowp/css/style.css]
[www.picseel.com/themes/craftowp-v2.3/wp-content/themes/craftowp/dynamic.css]
[www.picseel.com/themes/craftowp-v2.3/wp-includes/js/jquery/jquery-migrate.min.js]
[www.picseel.com/themes/craftowp-v2.3/wp-content/plugins/goodbye-captcha/assets/public/scripts/gdbc-public.js]
[www.picseel.com/themes/craftowp-v2.3/wp-includes/js/jquery/jquery.js]
[www.picseel.com/themes/craftowp-v2.3/wp-json/index.html]
[www.picseel.com/themes/craftowp-v2.3/wp-content/uploads/2014/08/logo.png]
[www.picseel.com/themes/craftowp-v2.3/wp-content/themes/craftowp/js/modernizr.custom.js]
[www.picseel.com/themes/craftowp-v2.3/wp-content/uploads/2014/08/team1.jpg]
[www.picseel.com/themes/craftowp-v2.3/wp-content/uploads/2014/08/team2.jpg]
[www.picseel.com/themes/craftowp-v2.3/home-video-background/index.html]
[www.picseel.com/themes/craftowp-v2.3/home-one-page/index.html]
[www.picseel.com/themes/craftowp-v2.3/wp-content/uploads/2014/08/team3.jpg]
[www.picseel.com/themes/craftowp-v2.3/home-freelancer/index.html]
[www.picseel.com/themes/craftowp-v2.3/about-us-page/index.html]
[www.picseel.com/themes/craftowp-v2.3/wp-content/uploads/2014/07/5.jpg]
[www.picseel.com/themes/craftowp-v2.3/typography/index.html]
[www.picseel.com/themes/craftowp-v2.3/iconbox/index.html]
[www.picseel.com/themes/craftowp-v2.3/wp-content/uploads/2014/07/work5-big.jpg]
[www.picseel.com/themes/craftowp-v2.3/shortcodes/index.html]
[www.picseel.com/themes/craftowp-v2.3/slider/index.html]
[www.picseel.com/themes/craftowp-v2.3/wp-content/uploads/2014/07/work4-big.jpg]
[www.picseel.com/themes/craftowp-v2.3/blog/index.html]
[www.picseel.com/themes/craftowp-v2.3/wp-content/uploads/2014/07/work1-big.jpg]
[www.picseel.com/themes/craftowp-v2.3/wp-content/uploads/2014/06/work3-big.jpg]
[www.picseel.com/themes/craftowp-v2.3/wp-content/uploads/2014/06/mockup2-670x440.jpg]
[www.picseel.com/themes/craftowp-v2.3/wp-content/uploads/2014/06/planuswp.jpg]
[www.picseel.com/themes/craftowp-v2.3/wp-content/uploads/2015/08/people-coffee-notes-tea.jpg]
[www.picseel.com/themes/craftowp-v2.3/wp-content/uploads/2014/08/home-bg.jpg]
[www.picseel.com/themes/craftowp-v2.3/wp-content/uploads/2014/08/logo_01.png]
[www.picseel.com/themes/craftowp-v2.3/contact-2/index.html]
[www.picseel.com/themes/craftowp-v2.3/wp-content/uploads/2014/08/logo_02.png]
[www.picseel.com/themes/craftowp-v2.3/portfolio/lorem-ipsum-5/index.html]
[www.picseel.com/themes/craftowp-v2.3/wp-content/uploads/2014/08/logo_03.png]
[www.picseel.com/themes/craftowp-v2.3/portfolio/lorem-ipsum-4/index.html]
[www.picseel.com/themes/craftowp-v2.3/portfolio/lorem-ipsum-3/index.html]
[www.picseel.com/themes/craftowp-v2.3/wp-content/uploads/2014/08/logo_04.png]
[www.picseel.com/themes/craftowp-v2.3/portfolio/lorem-ipsum-2/index.html]
[www.picseel.com/themes/craftowp-v2.3/wp-content/uploads/2014/08/logo_05.png]
[www.picseel.com/themes/craftowp-v2.3/portfolio/lorem-ipsum-1/index.html]
[www.picseel.com/themes/craftowp-v2.3/wp-content/uploads/2014/08/logo_06.png]
[www.picseel.com/themes/craftowp-v2.3/portfolio/lorem-ipsum/index.html]
[www.picseel.com/themes/craftowp-v2.3/wp-content/uploads/2014/08/logo_07.png]
[www.picseel.com/themes/craftowp-v2.3/wp-content/uploads/2014/07/people-office-group-team.jpg]
[www.picseel.com/themes/craftowp-v2.3/wp-content/uploads/2014/07/Sun-glasses-with-wallet-670x440.jpg]
[www.picseel.com/themes/craftowp-v2.3/wp-content/uploads/2014/07/3-670x440.jpg]
[www.picseel.com/themes/craftowp-v2.3/announcements/lorem-ipsum-5/index.html]
[www.picseel.com/themes/craftowp-v2.3/wp-content/uploads/2014/07/old-city-center-670x440.jpg]
[www.picseel.com/themes/craftowp-v2.3/user-interface/lorem-ipsum-4/index.html]
[www.picseel.com/themes/craftowp-v2.3/user-interface/lorem-ipsum-3/index.html]
[www.picseel.com/themes/craftowp-v2.3/wp-content/uploads/2014/07/bench-alley-sun-670x440.jpg]
[www.picseel.com/themes/craftowp-v2.3/wp-content/uploads/2014/08/wood.jpg]
[www.picseel.com/themes/craftowp-v2.3/wp-content/uploads/wpcf7_captcha/2750201294.png]
[www.picseel.com/themes/craftowp-v2.3/wp-content/plugins/contact-form-7/includes/js/jquery.form.min.js]
[www.picseel.com/themes/craftowp-v2.3/wp-content/plugins/contact-form-7/includes/js/scripts.js]
[www.picseel.com/themes/craftowp-v2.3/wp-content/themes/craftowp/js/bootstrap.min.js]
[www.picseel.com/themes/craftowp-v2.3/wp-content/themes/craftowp/js/modernizr-ie.js]
[www.picseel.com/themes/craftowp-v2.3/announcements/lorem-ipsum-2/index.html]
[www.picseel.com/themes/craftowp-v2.3/wp-content/themes/craftowp/js/jquery.easing.1.3.min.js]
[www.picseel.com/themes/craftowp-v2.3/wp-content/themes/craftowp/js/waypoints.min.js]
[www.picseel.com/themes/craftowp-v2.3/wp-content/themes/craftowp/js/jquery.simple-text-rotator.min.js]
[www.picseel.com/themes/craftowp-v2.3/wp-content/themes/craftowp/js/slick.min.js]
[www.picseel.com/themes/craftowp-v2.3/wp-content/themes/craftowp/js/jquery.nicescroll.min.js]
[www.picseel.com/themes/craftowp-v2.3/wp-content/themes/craftowp/js/jquery.prettyPhoto.js]
[www.picseel.com/themes/craftowp-v2.3/wp-content/themes/craftowp/js/jquery.knob.min.js]
[www.picseel.com/themes/craftowp-v2.3/wp-content/themes/craftowp/js/covervid.js]
[www.picseel.com/themes/craftowp-v2.3/wp-content/themes/craftowp/js/jquery.fitvids.js]
[www.picseel.com/themes/craftowp-v2.3/wp-includes/js/wp-embed.min.js]
[www.picseel.com/themes/craftowp-v2.3/index.html]
[www.picseel.com/themes/craftowp-v2.3/xmlrpc.php]
[www.picseel.com/themes/craftowp-v2.3/wp-content/plugins/contact-form-7/includes/css/styles.css]
[www.picseel.com/themes/craftowp-v2.3/wp-content/themes/craftowp/fonts/glyphicons-halflings-regular.eot]
[www.picseel.com/themes/craftowp-v2.3/wp-content/themes/craftowp/js/scripts.js]
[www.picseel.com/themes/craftowp-v2.3/wp-content/themes/craftowp/fonts/glyphicons-halflings-regular.woff]
[www.picseel.com/themes/craftowp-v2.3/wp-content/themes/craftowp/fonts/glyphicons-halflings-regular.ttf]
[www.picseel.com/themes/craftowp-v2.3/wp-content/themes/craftowp/css/bootstrap.css]
[www.picseel.com/themes/craftowp-v2.3/wp-content/themes/craftowp/fonts/glyphicons-halflings-regulard41d.eot]
[www.picseel.com/themes/craftowp-v2.3/wp-content/themes/craftowp/images/prettyPhoto/default/sprite.png]
[www.picseel.com/themes/craftowp-v2.3/wp-content/themes/craftowp/images/prettyPhoto/default/sprite_x.png]
[www.picseel.com/themes/craftowp-v2.3/wp-content/themes/craftowp/images/prettyPhoto/default/sprite_y.png]
[www.picseel.com/themes/craftowp-v2.3/wp-content/themes/craftowp/images/prettyPhoto/default/sprite_next.png]
[www.picseel.com/themes/craftowp-v2.3/wp-content/themes/craftowp/images/prettyPhoto/default/sprite_prev.png]
[www.picseel.com/themes/craftowp-v2.3/wp-content/themes/craftowp/images/prettyPhoto/default/default_thumb.png]
[www.picseel.com/themes/craftowp-v2.3/wp-content/themes/craftowp/images/prettyPhoto/default/loader.gif]
[www.picseel.com/themes/craftowp-v2.3/wp-content/themes/craftowp/images/prettyPhoto/light_rounded/sprite.png]
[www.picseel.com/themes/craftowp-v2.3/wp-content/themes/craftowp/images/prettyPhoto/light_rounded/btnNext.png]
[www.picseel.com/themes/craftowp-v2.3/wp-content/themes/craftowp/images/prettyPhoto/light_rounded/btnPrevious.png]
[www.picseel.com/themes/craftowp-v2.3/wp-content/themes/craftowp/images/prettyPhoto/dark_rounded/sprite.png]
[www.picseel.com/themes/craftowp-v2.3/wp-content/themes/craftowp/images/prettyPhoto/dark_rounded/contentPattern.png]
[www.picseel.com/themes/craftowp-v2.3/wp-content/themes/craftowp/images/prettyPhoto/dark_rounded/btnNext.png]
[www.picseel.com/themes/craftowp-v2.3/wp-content/themes/craftowp/images/prettyPhoto/dark_rounded/btnPrevious.png]
[www.picseel.com/themes/craftowp-v2.3/wp-content/themes/craftowp/images/prettyPhoto/dark_rounded/loader.gif]
[www.picseel.com/themes/craftowp-v2.3/wp-content/themes/craftowp/images/prettyPhoto/dark_square/loader.gif]
[www.picseel.com/themes/craftowp-v2.3/wp-content/themes/craftowp/images/prettyPhoto/dark_square/sprite.png]
[www.picseel.com/themes/craftowp-v2.3/wp-content/themes/craftowp/images/prettyPhoto/dark_square/btnNext.png]
[www.picseel.com/themes/craftowp-v2.3/wp-content/themes/craftowp/images/prettyPhoto/dark_square/btnPrevious.png]
[www.picseel.com/themes/craftowp-v2.3/wp-content/themes/craftowp/images/prettyPhoto/light_square/sprite.png]
[www.picseel.com/themes/craftowp-v2.3/wp-content/themes/craftowp/images/prettyPhoto/light_square/btnNext.png]
[www.picseel.com/themes/craftowp-v2.3/wp-content/themes/craftowp/images/prettyPhoto/light_square/btnPrevious.png]
[www.picseel.com/themes/craftowp-v2.3/wp-content/themes/craftowp/images/prettyPhoto/facebook/sprite.png]
[www.picseel.com/themes/craftowp-v2.3/wp-content/themes/craftowp/images/prettyPhoto/facebook/contentPatternTop.png]
[www.picseel.com/themes/craftowp-v2.3/wp-content/themes/craftowp/images/prettyPhoto/facebook/contentPatternLeft.png]
[www.picseel.com/themes/craftowp-v2.3/wp-content/themes/craftowp/images/prettyPhoto/facebook/contentPatternRight.png]
[www.picseel.com/themes/craftowp-v2.3/wp-content/themes/craftowp/images/prettyPhoto/facebook/loader.gif]
[www.picseel.com/themes/craftowp-v2.3/wp-content/themes/craftowp/images/prettyPhoto/facebook/btnNext.png]
[www.picseel.com/themes/craftowp-v2.3/wp-content/themes/craftowp/images/prettyPhoto/facebook/btnPrevious.png]
[www.picseel.com/themes/craftowp-v2.3/wp-content/themes/craftowp/images/prettyPhoto/facebook/contentPatternBottom.png]
[www.picseel.com/themes/craftowp-v2.3/wp-content/themes/craftowp/images/prettyPhoto/facebook/default_thumbnail.gif]
[www.picseel.com/themes/craftowp-v2.3/wp-content/themes/craftowp/css/prettyPhoto.css]
[www.picseel.com/themes/craftowp-v2.3/wp-content/themes/craftowp/css/animate.css]
[www.picseel.com/themes/craftowp-v2.3/wp-content/themes/craftowp/images/prettyPhoto/light_rounded/loader.gif]
[www.picseel.com/themes/craftowp-v2.3/wp-content/themes/craftowp/assets/clients-img.jpg]
[www.picseel.com/themes/craftowp-v2.3/wp-content/themes/craftowp/assets/services-img.jpg]
[www.picseel.com/themes/craftowp-v2.3/wp-content/themes/craftowp/img/ajax-loader.gif]
[www.picseel.com/themes/craftowp-v2.3/wp-content/themes/craftowp/img/slider-arrows.png]
[www.picseel.com/themes/craftowp-v2.3/wp-content/themes/craftowp/img/navbar-bg.png]
[www.picseel.com/themes/craftowp-v2.3/wp-content/themes/craftowp/img/dark-bg.png]
[www.picseel.com/themes/craftowp-v2.3/wp-content/themes/craftowp/css/style.css]
[www.picseel.com/themes/craftowp-v2.3/wp-content/themes/craftowp/img/close-bg.png]
[www.picseel.com/themes/craftowp-v2.3/wp-content/themes/craftowp/dynamic.css]
[www.picseel.com/themes/craftowp-v2.3/wp-content/uploads/2015/08/hands-people-woman-working.jpg]
[www.picseel.com/themes/craftowp-v2.3/wp-json/oembed/1.0/embed7ae1.json]
[www.picseel.com/themes/craftowp-v2.3/home-one-page/feed/index.html]
[www.picseel.com/themes/craftowp-v2.3/wp-json/oembed/1.0/embedebc3]
[www.picseel.com/themes/craftowp-v2.3/indexa873.html]
[www.picseel.com/themes/craftowp-v2.3/wp-content/uploads/2014/09/man-person-people-train.jpg]
[www.picseel.com/themes/craftowp-v2.3/wp-content/uploads/2014/09/startup-photos.jpg]
[www.picseel.com/themes/craftowp-v2.3/wp-content/uploads/2014/09/craftowp-macbook.png]
[www.picseel.com/themes/craftowp-v2.3/wp-content/uploads/wpcf7_captcha/35649484.png]
[www.picseel.com/themes/craftowp-v2.3/home-one-page/index.html]
[www.picseel.com/themes/craftowp-v2.3/wp-json/oembed/1.0/embed0425.json]
[www.picseel.com/themes/craftowp-v2.3/home-video-background/feed/index.html]
[www.picseel.com/themes/craftowp-v2.3/wp-json/oembed/1.0/embedb947]
[www.picseel.com/themes/craftowp-v2.3/wp-content/uploads/2015/08/RecordPlayer.mp4]
[www.picseel.com/themes/craftowp-v2.3/wp-content/uploads/2015/08/RecordPlayer.ogv]
[www.picseel.com/themes/craftowp-v2.3/wp-content/uploads/2015/08/RecordPlayer.webm]
[www.picseel.com/themes/craftowp-v2.3/wp-content/uploads/2015/08/black-and-white-city-man-people.jpg]
[www.picseel.com/themes/craftowp-v2.3/home-video-background/index.html]
[www.picseel.com/themes/craftowp-v2.3/index3b75.html]
[www.picseel.com/themes/craftowp-v2.3/wp-json/oembed/1.0/embed9ee0.json]
[www.picseel.com/themes/craftowp-v2.3/wp-json/oembed/1.0/embedf01a]
[www.picseel.com/themes/craftowp-v2.3/wp-content/uploads/2014/12/about-photo.jpg]
[www.picseel.com/themes/craftowp-v2.3/wp-content/uploads/2014/12/background-3.jpg]
[www.picseel.com/themes/craftowp-v2.3/wp-content/uploads/2014/12/background-1.jpg]
[www.picseel.com/themes/craftowp-v2.3/wp-content/uploads/2014/07/Sun-glasses-with-wallet-240x240.jpg]
[www.picseel.com/themes/craftowp-v2.3/wp-content/uploads/2014/07/3-240x240.jpg]
[www.picseel.com/themes/craftowp-v2.3/home-freelancer/index.html]
[www.picseel.com/themes/craftowp-v2.3/home-freelancer/feed/index.html]
[www.picseel.com/themes/craftowp-v2.3/wp-json/oembed/1.0/embedf4b3.json]
[www.picseel.com/themes/craftowp-v2.3/wp-json/oembed/1.0/embed5d2e]
[www.picseel.com/themes/craftowp-v2.3/wp-content/uploads/2014/08/logo-normal.png]
[www.picseel.com/themes/craftowp-v2.3/about-us-page/index.html]
[www.picseel.com/themes/craftowp-v2.3/index8d1b.html]
[www.picseel.com/themes/craftowp-v2.3/wp-json/oembed/1.0/embedbe1b.json]
[www.picseel.com/themes/craftowp-v2.3/wp-json/oembed/1.0/embed9072]
[www.picseel.com/themes/craftowp-v2.3/wp-content/uploads/2014/08/shortcodes_01.png]
[www.picseel.com/themes/craftowp-v2.3/wp-content/uploads/2014/08/shortcodes_01-586x440.png]
[www.picseel.com/themes/craftowp-v2.3/wp-content/uploads/2014/08/shortcodes_02.png]
[www.picseel.com/themes/craftowp-v2.3/wp-content/uploads/2014/08/shortcodes_02-586x440.png]
[www.picseel.com/themes/craftowp-v2.3/wp-content/uploads/2014/08/shortcodes_03.png]
[www.picseel.com/themes/craftowp-v2.3/wp-content/uploads/2014/08/shortcodes_03-586x440.png]
[www.picseel.com/themes/craftowp-v2.3/wp-content/uploads/2014/07/old-city-center.jpg]
[www.picseel.com/themes/craftowp-v2.3/wp-content/uploads/2014/07/old-city-center-240x240.jpg]
[www.picseel.com/themes/craftowp-v2.3/shortcodes/index.html]
[www.picseel.com/themes/craftowp-v2.3/about-us-page/feed/index.html]
[www.picseel.com/themes/craftowp-v2.3/indexeab1.html]
[www.picseel.com/themes/craftowp-v2.3/wp-json/oembed/1.0/embedb6a6.json]
[www.picseel.com/themes/craftowp-v2.3/shortcodes/feed/index.html]
[www.picseel.com/themes/craftowp-v2.3/index21b4.html]
[www.picseel.com/themes/craftowp-v2.3/typography/feed/index.html]
[www.picseel.com/themes/craftowp-v2.3/index6996.html]
[www.picseel.com/themes/craftowp-v2.3/typography/index.html]
[www.picseel.com/themes/craftowp-v2.3/wp-json/oembed/1.0/embed1dad]
[www.picseel.com/themes/craftowp-v2.3/wp-json/oembed/1.0/embed1578.json]
[www.picseel.com/themes/craftowp-v2.3/index1beb.html]
[www.picseel.com/themes/craftowp-v2.3/iconbox/index.html]
[www.picseel.com/themes/craftowp-v2.3/wp-json/oembed/1.0/embed34a7]
[www.picseel.com/themes/craftowp-v2.3/wp-json/oembed/1.0/embed844d.json]
[www.picseel.com/themes/craftowp-v2.3/iconbox/feed/index.html]
[www.picseel.com/themes/craftowp-v2.3/slider/feed/index.html]
[www.picseel.com/themes/craftowp-v2.3/index0d0a.html]
[www.picseel.com/themes/craftowp-v2.3/slider/index.html]
[www.picseel.com/themes/craftowp-v2.3/wp-json/oembed/1.0/embed04b9]
[www.picseel.com/themes/craftowp-v2.3/wp-content/uploads/2014/07/Sun-glasses-with-wallet-750x320.jpg]
[www.picseel.com/themes/craftowp-v2.3/wp-content/uploads/2014/07/3-750x320.jpg]
[www.picseel.com/themes/craftowp-v2.3/category/announcements/index.html]
[www.picseel.com/themes/craftowp-v2.3/wp-content/uploads/2014/07/old-city-center-750x320.jpg]
[www.picseel.com/themes/craftowp-v2.3/wp-content/uploads/2014/07/bench-alley-sun-750x320.jpg]
[www.picseel.com/themes/craftowp-v2.3/category/user-interface/index.html]
[www.picseel.com/themes/craftowp-v2.3/blog/index.html]
[www.picseel.com/themes/craftowp-v2.3/category/media/index.html]
[www.picseel.com/themes/craftowp-v2.3/wp-json/oembed/1.0/embed0bda.json]
[www.picseel.com/themes/craftowp-v2.3/wp-json/oembed/1.0/embed89a5]
[www.picseel.com/themes/craftowp-v2.3/contact-2/index.html]
[www.picseel.com/themes/craftowp-v2.3/wp-content/uploads/wpcf7_captcha/412813945.png]
[www.picseel.com/themes/craftowp-v2.3/media/lorem-ipsum-1/index.html]
[www.picseel.com/themes/craftowp-v2.3/wp-json/oembed/1.0/embed26ce.json]
[www.picseel.com/themes/craftowp-v2.3/wp-json/oembed/1.0/embed4fdf]
[www.picseel.com/themes/craftowp-v2.3/wp-includes/images/smilies/simple-smile.png]
[www.picseel.com/themes/craftowp-v2.3/portfolio/lorem-ipsum-5/index.html]
[www.picseel.com/themes/craftowp-v2.3/contact-2/feed/index.html]
[www.picseel.com/themes/craftowp-v2.3/wp-json/oembed/1.0/embedfee9.json]
[www.picseel.com/themes/craftowp-v2.3/index46e1.html]
[www.picseel.com/themes/craftowp-v2.3/wp-json/oembed/1.0/embed147c]
[www.picseel.com/themes/craftowp-v2.3/index55e4.html]
[www.picseel.com/themes/craftowp-v2.3/portfoliocats/ui-design/index.html]
[www.picseel.com/themes/craftowp-v2.3/wp-content/uploads/2014/07/work4-big-670x320.jpg]
[www.picseel.com/themes/craftowp-v2.3/portfoliocats/web-design/index.html]
[www.picseel.com/themes/craftowp-v2.3/index44d0.html]
[www.picseel.com/themes/craftowp-v2.3/portfolio/lorem-ipsum-4/index.html]
[www.picseel.com/themes/craftowp-v2.3/wp-json/oembed/1.0/embed5e83.json]
[www.picseel.com/themes/craftowp-v2.3/portfoliocats/graphics/index.html]
[www.picseel.com/themes/craftowp-v2.3/wp-json/oembed/1.0/embed79b2]
[www.picseel.com/themes/craftowp-v2.3/index6ffe.html]
[www.picseel.com/themes/craftowp-v2.3/portfolio/lorem-ipsum-3/index.html]
[www.picseel.com/themes/craftowp-v2.3/wp-content/uploads/2014/07/work1-big-670x320.jpg]
[www.picseel.com/themes/craftowp-v2.3/portfoliocats/add-ons/index.html]
[www.picseel.com/themes/craftowp-v2.3/wp-json/oembed/1.0/embed5895.json]
[www.picseel.com/themes/craftowp-v2.3/index7ef4.html]
[www.picseel.com/themes/craftowp-v2.3/wp-json/oembed/1.0/embed362d]
[www.picseel.com/themes/craftowp-v2.3/portfolio/lorem-ipsum-2/index.html]
[www.picseel.com/themes/craftowp-v2.3/wp-content/uploads/2014/06/work3-big-670x320.jpg]
[www.picseel.com/themes/craftowp-v2.3/wp-json/oembed/1.0/embed2e9c.json]
[www.picseel.com/themes/craftowp-v2.3/wp-json/oembed/1.0/embed5687]
[www.picseel.com/themes/craftowp-v2.3/wp-content/uploads/2014/06/mockup2.jpg]
[www.picseel.com/themes/craftowp-v2.3/wp-content/uploads/2014/06/mockup51.jpg]
[www.picseel.com/themes/craftowp-v2.3/wp-content/uploads/2014/06/mockup51-670x440.jpg]
[www.picseel.com/themes/craftowp-v2.3/wp-content/uploads/2014/06/mockup61.jpg]
[www.picseel.com/themes/craftowp-v2.3/wp-content/uploads/2014/06/mockup61-670x440.jpg]
[www.picseel.com/themes/craftowp-v2.3/portfolio/lorem-ipsum-1/index.html]
[www.picseel.com/themes/craftowp-v2.3/index2dc8.html]
[www.picseel.com/themes/craftowp-v2.3/wp-json/oembed/1.0/embed74b7.json]
[www.picseel.com/themes/craftowp-v2.3/wp-json/oembed/1.0/embedda59]
[www.picseel.com/themes/craftowp-v2.3/wp-content/uploads/2014/06/planuswp-670x320.jpg]
[www.picseel.com/themes/craftowp-v2.3/portfolio/lorem-ipsum/index.html]
[www.picseel.com/themes/craftowp-v2.3/index88b9.html]
[www.picseel.com/themes/craftowp-v2.3/wp-json/oembed/1.0/embedc704.json]
[www.picseel.com/themes/craftowp-v2.3/wp-json/oembed/1.0/embed3526]
[www.picseel.com/themes/craftowp-v2.3/announcements/lorem-ipsum-5/index.html]
[www.picseel.com/themes/craftowp-v2.3/announcements/lorem-ipsum-5/feed/index.html]
[www.picseel.com/themes/craftowp-v2.3/wp-json/oembed/1.0/embed4151.json]
[www.picseel.com/themes/craftowp-v2.3/wp-json/oembed/1.0/embedcf3d]
[www.picseel.com/themes/craftowp-v2.3/wp-content/uploads/2014/07/3-1320x880.jpg]
[www.picseel.com/themes/craftowp-v2.3/user-interface/lorem-ipsum-4/index.html]
[www.picseel.com/themes/craftowp-v2.3/index6eea.html]
[www.picseel.com/themes/craftowp-v2.3/wp-json/oembed/1.0/embed5537.json]
[www.picseel.com/themes/craftowp-v2.3/tag/news/index.html]
[www.picseel.com/themes/craftowp-v2.3/user-interface/lorem-ipsum-4/feed/index.html]
[www.picseel.com/themes/craftowp-v2.3/wp-content/uploads/2014/07/old-city-center-1320x880.jpg]
[www.picseel.com/themes/craftowp-v2.3/indexc902.html]
[www.picseel.com/themes/craftowp-v2.3/user-interface/lorem-ipsum-3/index.html]
[www.picseel.com/themes/craftowp-v2.3/tag/design-2/index.html]
[www.picseel.com/themes/craftowp-v2.3/wp-json/oembed/1.0/embed034e.json]
[www.picseel.com/themes/craftowp-v2.3/wp-json/oembed/1.0/embed71fa]
[www.picseel.com/themes/craftowp-v2.3/wp-content/uploads/2014/07/bench-alley-sun-1320x880.jpg]
[www.picseel.com/themes/craftowp-v2.3/announcements/lorem-ipsum-2/index.html]
[www.picseel.com/themes/craftowp-v2.3/tag/graphics-2/index.html]
[www.picseel.com/themes/craftowp-v2.3/wp-content/themes/craftowp/fonts/glyphicons-halflings-regular.svg]
[www.picseel.com/themes/craftowp-v2.3/user-interface/lorem-ipsum-3/feed/index.html]
[www.picseel.com/themes/craftowp-v2.3/wp-content/themes/craftowp/assets/clients-img.html]
[www.picseel.com/themes/craftowp-v2.3/index8381.html]
[www.picseel.com/themes/craftowp-v2.3/wp-content/themes/craftowp/assets/services-img.html]
[www.picseel.com/themes/craftowp-v2.3/tag/ui/index.html]
[www.picseel.com/themes/craftowp-v2.3/indexa873.html]
[www.picseel.com/themes/craftowp-v2.3/tag/video/index.html]
[www.picseel.com/themes/craftowp-v2.3/index3b75.html]
[www.picseel.com/themes/craftowp-v2.3/announcements/lorem-ipsum-2/feed/index.html]
[www.picseel.com/themes/craftowp-v2.3/index8d1b.html]
[www.picseel.com/themes/craftowp-v2.3/indexacf9.html]
[www.picseel.com/themes/craftowp-v2.3/indexeab1.html]
[www.picseel.com/themes/craftowp-v2.3/tag/creative/index.html]
[www.picseel.com/themes/craftowp-v2.3/index21b4.html]
[www.picseel.com/themes/craftowp-v2.3/tag/evolution/index.html]
[www.picseel.com/themes/craftowp-v2.3/index6996.html]
[www.picseel.com/themes/craftowp-v2.3/index1beb.html]
[www.picseel.com/themes/craftowp-v2.3/index0d0a.html]
[www.picseel.com/themes/craftowp-v2.3/wp-content/uploads/2014/07/Sun-glasses-with-wallet-1320x880.jpg]
[www.picseel.com/themes/craftowp-v2.3/category/announcements/index.html]
[www.picseel.com/themes/craftowp-v2.3/category/announcements/feed/index.html]
[www.picseel.com/themes/craftowp-v2.3/category/user-interface/index.html]
[www.picseel.com/themes/craftowp-v2.3/category/user-interface/feed/index.html]
[www.picseel.com/themes/craftowp-v2.3/category/media/index.html]
[www.picseel.com/themes/craftowp-v2.3/category/media/feed/index.html]
[www.picseel.com/themes/craftowp-v2.3/wp-json/oembed/1.0/embed4a35.json]
[www.picseel.com/themes/craftowp-v2.3/wp-json/oembed/1.0/embed245e]
[www.picseel.com/themes/craftowp-v2.3/media/lorem-ipsum-1/index.html]
[www.picseel.com/themes/craftowp-v2.3/media/lorem-ipsum-1/feed/index.html]
[www.picseel.com/themes/craftowp-v2.3/index46e1.html]
[www.picseel.com/themes/craftowp-v2.3/index50f6.html]
[www.picseel.com/themes/craftowp-v2.3/index55e4.html]
[www.picseel.com/themes/craftowp-v2.3/tag/audio/index.html]
[www.picseel.com/themes/craftowp-v2.3/wp-content/uploads/2014/07/work5-big-670x320.b5.delayed]
[www.picseel.com/themes/craftowp-v2.3/tag/pdf/index.html]
[www.picseel.com/themes/craftowp-v2.3/portfoliocats/ui-design/index.html]
[www.picseel.com/themes/craftowp-v2.3/portfoliocats/web-design/index.html]
[www.picseel.com/themes/craftowp-v2.3/index44d0.html]
[www.picseel.com/themes/craftowp-v2.3/wp-content/uploads/2014/06/mockup2-750x320.jpg]
[www.picseel.com/themes/craftowp-v2.3/portfoliocats/graphics/index.html]
[www.picseel.com/themes/craftowp-v2.3/index6ffe.html]
[www.picseel.com/themes/craftowp-v2.3/portfoliocats/add-ons/index.html]
[www.picseel.com/themes/craftowp-v2.3/index7ef4.html]
[www.picseel.com/themes/craftowp-v2.3/index2dc8.html]
[www.picseel.com/themes/craftowp-v2.3/index88b9.html]
[www.picseel.com/themes/craftowp-v2.3/index6eea.html]
[www.picseel.com/themes/craftowp-v2.3/tag/news/index.html]
[www.picseel.com/themes/craftowp-v2.3/tag/news/feed/index.html]
[www.picseel.com/themes/craftowp-v2.3/indexc902.html]
[www.picseel.com/themes/craftowp-v2.3/tag/design-2/index.html]
[www.picseel.com/themes/craftowp-v2.3/tag/graphics-2/index.html]
[www.picseel.com/themes/craftowp-v2.3/index8381.html]
[www.picseel.com/themes/craftowp-v2.3/tag/ui/index.html]
[www.picseel.com/themes/craftowp-v2.3/tag/design-2/feed/index.html]
[www.picseel.com/themes/craftowp-v2.3/tag/graphics-2/feed/index.html]
[www.picseel.com/themes/craftowp-v2.3/wp-json/oembed/1.0/embed9276]
[www.picseel.com/themes/craftowp-v2.3/tag/video/index.html]
[www.picseel.com/themes/craftowp-v2.3/indexacf9.html]
[www.picseel.com/themes/craftowp-v2.3/tag/creative/index.html]
[www.picseel.com/themes/craftowp-v2.3/tag/evolution/index.html]
[www.picseel.com/themes/craftowp-v2.3/tag/ui/feed/index.html]
[www.picseel.com/themes/craftowp-v2.3/tag/video/feed/index.html]
[www.picseel.com/themes/craftowp-v2.3/index50f6.html]
[www.picseel.com/themes/craftowp-v2.3/tag/audio/index.html]
[www.picseel.com/themes/craftowp-v2.3/tag/evolution/feed/index.html]
[www.picseel.com/themes/craftowp-v2.3/tag/creative/feed/index.html]
[www.picseel.com/themes/craftowp-v2.3/tag/pdf/index.html]
[www.picseel.com/themes/craftowp-v2.3/tag/audio/feed/index.html]
[www.picseel.com/themes/craftowp-v2.3/tag/pdf/feed/index.html]
