[highgradelab.com/stash/digital-startup/wp-content/themes/stash/highgrade/images/favicon.png]
[backblue.gif]
[fade.gif]
[index.html]
[highgradelab.com/stash/digital-startup/wp-content/plugins/hgr_cta/hgr-cta6c42.css]
[highgradelab.com/stash/digital-startup/wp-content/plugins/contact-form-7/includes/css/stylesef15.css]
[highgradelab.com/stash/digital-startup/feed/index.html]
[highgradelab.com/stash/digital-startup/wp-content/plugins/hgr_vc_extender/includes/css/font-awesome.min6c42.css]
[highgradelab.com/stash/digital-startup/comments/feed/index.html]
[highgradelab.com/stash/digital-startup/wp-content/plugins/hgr_vc_extender/includes/css/outline.min6c42.css]
[highgradelab.com/stash/digital-startup/wp-content/plugins/hgr_vc_extender/includes/css/hgr-vc-extender-elements.min6c42.css]
[highgradelab.com/stash/digital-startup/wp-content/themes/stash/highgrade/css/icons6c42.css]
[highgradelab.com/stash/digital-startup/wp-content/plugins/js_composer/assets/lib/bower/font-awesome/css/font-awesome.min5fba.css]
[highgradelab.com/stash/digital-startup/wp-content/themes/stash/highgrade/css/component6c42.css]
[highgradelab.com/stash/digital-startup/wp-content/themes/stash/highgrade/css/lity.min6c42.css]
[highgradelab.com/stash/digital-startup/wp-content/themes/stash/style6c42.css]
[highgradelab.com/stash/digital-startup/wp-content/plugins/js_composer/assets/css/js_composer.min5fba.css]
[highgradelab.com/stash/digital-startup/wp-includes/js/jquery/jquery-migrate.min330a.js]
[highgradelab.com/stash/digital-startup/wp-content/themes/stash/highgrade/js/html5shiv6c42.js]
[highgradelab.com/stash/digital-startup/wp-content/themes/stash/highgrade/js/modernizr.custom6c42.js]
[highgradelab.com/stash/digital-startup/wp-content/plugins/hgr_vc_extender/includes/js/classie6c42.js]
[highgradelab.com/stash/digital-startup/wp-content/plugins/hgr_vc_extender/includes/js/uiMorphingButton_fixed6c42.js]
[highgradelab.com/stash/digital-startup/wp-content/themes/stash/highgrade/js/respond.min6c42.js]
[highgradelab.com/stash/digital-startup/wp-content/plugins/hgr_vc_extender/includes/js/uiMorphingButton_inflow6c42.js]
[highgradelab.com/stash/digital-startup/wp-includes/js/jquery/jqueryb8ff.js]
[highgradelab.com/stash/digital-startup/xmlrpc0db0.php]
[highgradelab.com/stash/digital-startup/wp-includes/wlwmanifest.xml]
[highgradelab.com/stash/digital-startup/wp-json/index.html]
[highgradelab.com/stash/digital-startup/wp-json/oembed/1.0/embed08ce.json]
[highgradelab.com/stash/digital-startup/wp-json/oembed/1.0/embedc6ed]
[highgradelab.com/stash/digital-startup/wp-content/themes/stash/highgrade/images/logo@2x.png]
[highgradelab.com/stash/digital-startup/wp-content/uploads/sites/65/2016/10/team-4-150x150.jpg]
[highgradelab.com/stash/digital-startup/wp-content/uploads/sites/65/2016/10/team-2-150x150.jpg]
[highgradelab.com/stash/digital-startup/wp-content/uploads/sites/65/2016/10/team-3-150x150.jpg]
[highgradelab.com/stash/digital-startup/wp-content/uploads/sites/65/2016/10/team-1-150x150.jpg]
[highgradelab.com/stash/digital-startup/wp-content/uploads/sites/65/2016/10/team-8-150x150.jpg]
[highgradelab.com/stash/digital-startup/wp-content/uploads/sites/65/2016/10/team-6-150x150.jpg]
[highgradelab.com/stash/digital-startup/wp-content/uploads/sites/65/2016/10/team-7-150x150.jpg]
[highgradelab.com/stash/digital-startup/wp-content/uploads/sites/65/2016/10/team-5-150x150.jpg]
[highgradelab.com/stash/digital-startup/wp-content/uploads/sites/65/2016/10/testimonial-1.jpg]
[highgradelab.com/stash/digital-startup/wp-content/uploads/sites/65/2016/10/testimonial-2.jpg]
[highgradelab.com/stash/digital-startup/wp-content/uploads/sites/65/2016/10/testimonial-3.jpg]
[highgradelab.com/stash/digital-startup/wp-content/uploads/sites/65/2016/10/testimonial-4.jpg]
[highgradelab.com/stash/digital-startup/wp-content/uploads/sites/65/2016/10/testimonial-5.jpg]
[highgradelab.com/stash/digital-startup/wp-content/uploads/sites/65/2016/10/testimonial-6.jpg]
[highgradelab.com/stash/digital-startup/wp-content/uploads/sites/65/2014/02/case-study-3.jpg]
[highgradelab.com/stash/digital-startup/wp-content/uploads/sites/65/2014/02/case-study-2.jpg]
[highgradelab.com/stash/digital-startup/wp-content/uploads/sites/65/2014/02/case-study-1.jpg]
[highgradelab.com/stash/digital-startup/wp-content/uploads/sites/65/2017/05/logo.png]
[highgradelab.com/stash/digital-startup/wp-content/plugins/js_composer/assets/lib/bower/animate-css/animate.min5fba.css]
[highgradelab.com/stash/digital-startup/wp-content/plugins/contact-form-7/includes/js/scriptsef15.js]
[highgradelab.com/stash/digital-startup/wp-content/plugins/hgr_vc_extender/includes/js/animicons/pathformer6c42.js]
[highgradelab.com/stash/digital-startup/wp-content/plugins/hgr_vc_extender/includes/js/animicons/vivus6c42.js]
[highgradelab.com/stash/digital-startup/wp-includes/js/imagesloaded.min55a0.js]
[highgradelab.com/stash/digital-startup/wp-content/plugins/js_composer/assets/lib/bower/isotope/dist/isotope.pkgd.min5fba.js]
[highgradelab.com/stash/digital-startup/wp-content/plugins/js_composer/assets/lib/waypoints/waypoints.min5fba.js]
[highgradelab.com/stash/digital-startup/wp-content/themes/stash/highgrade/js/lity.min6c42.js]
[highgradelab.com/stash/digital-startup/wp-content/themes/stash/highgrade/js/jquery.animate-colors-min6c42.js]
[highgradelab.com/stash/digital-startup/wp-content/themes/stash/highgrade/js/velocity.min6c42.js]
[highgradelab.com/stash/digital-startup/wp-content/themes/stash/highgrade/js/app6c42.js]
[highgradelab.com/stash/digital-startup/wp-includes/js/wp-embed.min6c42.js]
[highgradelab.com/stash/digital-startup/wp-content/plugins/js_composer/assets/js/dist/js_composer_front.min5fba.js]
[highgradelab.com/stash/digital-startup/wp-content/plugins/js_composer/assets/lib/bower/skrollr/dist/skrollr.min5fba.js]
[highgradelab.com/stash/digital-startup/wp-content/plugins/hgr_vc_extender/includes/js/tooltip6c42.js]
[highgradelab.com/stash/digital-startup/index.html]
[highgradelab.com/stash/digital-startup/xmlrpc.php]
[highgradelab.com/stash/digital-startup/wp-content/plugins/hgr_vc_extender/includes/js/hgrblogposts6c42.js]
[highgradelab.com/stash/digital-startup/wp-content/plugins/hgr_cta/hgr-cta6c42.css]
[highgradelab.com/stash/digital-startup/wp-content/plugins/hgr_cta/buy-button@2x.png]
[highgradelab.com/stash/digital-startup/wp-content/plugins/contact-form-7/includes/css/stylesef15.css]
[highgradelab.com/stash/digital-startup/wp-content/plugins/contact-form-7/images/ajax-loader.gif]
[highgradelab.com/stash/digital-startup/wp-content/plugins/hgr_vc_extender/includes/fonts/fontawesome-webfontba72.woff]
[highgradelab.com/stash/digital-startup/wp-content/plugins/hgr_vc_extender/includes/fonts/fontawesome-webfontba72.ttf]
[highgradelab.com/stash/digital-startup/wp-content/plugins/hgr_vc_extender/includes/fonts/fontawesome-webfontba72.eot]
[highgradelab.com/stash/digital-startup/wp-content/plugins/hgr_vc_extender/includes/css/font-awesome.min6c42.css]
[highgradelab.com/stash/digital-startup/wp-content/plugins/hgr_vc_extender/includes/fonts/fontawesome-webfontd41d.eot]
[highgradelab.com/stash/digital-startup/wp-content/plugins/hgr_vc_extender/includes/fonts/outline.woff]
[highgradelab.com/stash/digital-startup/wp-content/plugins/hgr_vc_extender/includes/fonts/outline.ttf]
[highgradelab.com/stash/digital-startup/wp-content/plugins/hgr_vc_extender/includes/fonts/outline.eot]
[highgradelab.com/stash/digital-startup/wp-content/plugins/hgr_vc_extender/includes/css/outline.min6c42.css]
[highgradelab.com/stash/digital-startup/wp-content/plugins/hgr_vc_extender/includes/css/hgr-vc-extender-elements.min6c42.css]
[highgradelab.com/stash/digital-startup/wp-content/themes/stash/highgrade/fonts/social.eot]
[highgradelab.com/stash/digital-startup/wp-content/themes/stash/highgrade/fonts/sociald41d.eot]
[highgradelab.com/stash/digital-startup/wp-content/themes/stash/highgrade/fonts/social.woff]
[highgradelab.com/stash/digital-startup/wp-content/themes/stash/highgrade/fonts/social.ttf]
[highgradelab.com/stash/digital-startup/wp-content/plugins/hgr_vc_extender/includes/fonts/outlined41d.eot]
[highgradelab.com/stash/digital-startup/wp-content/themes/stash/highgrade/fonts/blog-icons593e.eot]
[highgradelab.com/stash/digital-startup/wp-content/themes/stash/highgrade/fonts/blog-iconsd41d.eot]
[highgradelab.com/stash/digital-startup/wp-content/themes/stash/highgrade/fonts/blog-icons593e.woff]
[highgradelab.com/stash/digital-startup/wp-content/themes/stash/highgrade/fonts/blog-icons593e.ttf]
[highgradelab.com/stash/digital-startup/wp-content/themes/stash/highgrade/fonts/outline.woff]
[highgradelab.com/stash/digital-startup/wp-content/themes/stash/highgrade/fonts/outline.ttf]
[highgradelab.com/stash/digital-startup/wp-content/themes/stash/highgrade/fonts/outline.eot]
[highgradelab.com/stash/digital-startup/wp-content/themes/stash/highgrade/fonts/outlined41d.eot]
[highgradelab.com/stash/digital-startup/wp-content/themes/stash/highgrade/fonts/quote.eot]
[highgradelab.com/stash/digital-startup/wp-content/themes/stash/highgrade/fonts/quoted41d.eot]
[highgradelab.com/stash/digital-startup/wp-content/themes/stash/highgrade/fonts/quote.woff]
[highgradelab.com/stash/digital-startup/wp-content/themes/stash/highgrade/fonts/quote.ttf]
[highgradelab.com/stash/digital-startup/wp-content/themes/stash/highgrade/fonts/highgradef4fc.eot]
[highgradelab.com/stash/digital-startup/wp-content/themes/stash/highgrade/fonts/highgraded41d.eot]
[highgradelab.com/stash/digital-startup/wp-content/themes/stash/highgrade/fonts/highgradef4fc.woff]
[highgradelab.com/stash/digital-startup/wp-content/themes/stash/highgrade/fonts/highgradef4fc.ttf]
[highgradelab.com/stash/digital-startup/wp-content/themes/stash/highgrade/fonts/sage-cart6c06.eot]
[highgradelab.com/stash/digital-startup/wp-content/themes/stash/highgrade/fonts/sage-cart6c06.ttf]
[highgradelab.com/stash/digital-startup/wp-content/themes/stash/highgrade/fonts/sage-cart6c06.woff]
[highgradelab.com/stash/digital-startup/wp-content/themes/stash/highgrade/css/icons6c42.css]
[highgradelab.com/stash/digital-startup/wp-content/plugins/js_composer/assets/lib/bower/font-awesome/fonts/fontawesome-webfont5b62.woff]
[highgradelab.com/stash/digital-startup/wp-content/plugins/js_composer/assets/lib/bower/font-awesome/fonts/fontawesome-webfont5b62.ttf]
[highgradelab.com/stash/digital-startup/wp-content/plugins/js_composer/assets/lib/bower/font-awesome/fonts/fontawesome-webfont5b62.eot]
[highgradelab.com/stash/digital-startup/wp-content/plugins/js_composer/assets/lib/bower/font-awesome/css/font-awesome.min5fba.css]
[highgradelab.com/stash/digital-startup/wp-content/plugins/js_composer/assets/lib/bower/font-awesome/fonts/fontawesome-webfontd41d.eot]
[highgradelab.com/stash/digital-startup/wp-content/themes/stash/highgrade/css/component6c42.css]
[highgradelab.com/stash/digital-startup/wp-content/themes/stash/highgrade/css/lity.min6c42.css]
[highgradelab.com/stash/digital-startup/wp-content/themes/stash/highgrade/images/preloader.gif]
[highgradelab.com/stash/digital-startup/wp-content/themes/stash/woocommerce/images/add_to_cart_btn.png]
[highgradelab.com/stash/digital-startup/wp-content/themes/stash/style6c42.css]
[highgradelab.com/stash/digital-startup/wp-content/plugins/js_composer/assets/vc/alert.png]
[highgradelab.com/stash/digital-startup/wp-content/plugins/js_composer/assets/vc/info.png]
[highgradelab.com/stash/digital-startup/wp-content/plugins/js_composer/assets/vc/tick.png]
[highgradelab.com/stash/digital-startup/wp-content/plugins/js_composer/assets/vc/exclamation.png]
[highgradelab.com/stash/digital-startup/wp-content/plugins/js_composer/assets/images/icons/address-book.png]
[highgradelab.com/stash/digital-startup/wp-content/plugins/js_composer/assets/images/icons/alarm-clock.png]
[highgradelab.com/stash/digital-startup/wp-content/plugins/js_composer/assets/images/icons/anchor.png]
[highgradelab.com/stash/digital-startup/wp-content/plugins/js_composer/assets/images/icons/application-image.png]
[highgradelab.com/stash/digital-startup/wp-content/plugins/js_composer/assets/images/icons/arrow.png]
[highgradelab.com/stash/digital-startup/wp-content/plugins/js_composer/assets/images/icons/asterisk.png]
[highgradelab.com/stash/digital-startup/wp-content/plugins/js_composer/assets/images/icons/auction-hammer.png]
[highgradelab.com/stash/digital-startup/wp-content/plugins/js_composer/assets/images/icons/balloon.png]
[highgradelab.com/stash/digital-startup/wp-content/plugins/js_composer/assets/images/icons/balloon-buzz.png]
[highgradelab.com/stash/digital-startup/wp-content/plugins/js_composer/assets/images/icons/balloon-facebook.png]
[highgradelab.com/stash/digital-startup/wp-content/plugins/js_composer/assets/images/icons/balloon-twitter.png]
[highgradelab.com/stash/digital-startup/wp-content/plugins/js_composer/assets/images/icons/battery-full.png]
[highgradelab.com/stash/digital-startup/wp-content/plugins/js_composer/assets/images/icons/binocular.png]
[highgradelab.com/stash/digital-startup/wp-content/plugins/js_composer/assets/images/icons/blue-document-excel.png]
[highgradelab.com/stash/digital-startup/wp-content/plugins/js_composer/assets/images/icons/blue-document-image.png]
[highgradelab.com/stash/digital-startup/wp-content/plugins/js_composer/assets/images/icons/blue-document-music.png]
[highgradelab.com/stash/digital-startup/wp-content/plugins/js_composer/assets/images/icons/blue-document-office.png]
[highgradelab.com/stash/digital-startup/wp-content/plugins/js_composer/assets/images/icons/blue-document-pdf.png]
[highgradelab.com/stash/digital-startup/wp-content/plugins/js_composer/assets/images/icons/blue-document-powerpoint.png]
[highgradelab.com/stash/digital-startup/wp-content/plugins/js_composer/assets/images/icons/blue-document-word.png]
[highgradelab.com/stash/digital-startup/wp-content/plugins/js_composer/assets/images/icons/bookmark.png]
[highgradelab.com/stash/digital-startup/wp-content/plugins/js_composer/assets/images/icons/camcorder.png]
[highgradelab.com/stash/digital-startup/wp-content/plugins/js_composer/assets/images/icons/camera.png]
[highgradelab.com/stash/digital-startup/wp-content/plugins/js_composer/assets/images/icons/chart.png]
[highgradelab.com/stash/digital-startup/wp-content/plugins/js_composer/assets/images/icons/chart-pie.png]
[highgradelab.com/stash/digital-startup/wp-content/plugins/js_composer/assets/images/icons/clock.png]
[highgradelab.com/stash/digital-startup/wp-content/plugins/js_composer/assets/images/icons/control.png]
[highgradelab.com/stash/digital-startup/wp-content/plugins/js_composer/assets/images/icons/fire.png]
[highgradelab.com/stash/digital-startup/wp-content/plugins/js_composer/assets/images/icons/heart.png]
[highgradelab.com/stash/digital-startup/wp-content/plugins/js_composer/assets/images/icons/mail.png]
[highgradelab.com/stash/digital-startup/wp-content/plugins/js_composer/assets/images/icons/plus-shield.png]
[highgradelab.com/stash/digital-startup/wp-content/plugins/js_composer/assets/images/icons/video.png]
[highgradelab.com/stash/digital-startup/wp-content/plugins/js_composer/assets/fonts/vc_icons/fonts/VC-Icons8309.ttf]
[highgradelab.com/stash/digital-startup/wp-content/plugins/js_composer/assets/fonts/vc_icons/fonts/VC-Icons8309.woff]
[highgradelab.com/stash/digital-startup/wp-content/plugins/js_composer/assets/images/toggle_open.png]
[highgradelab.com/stash/digital-startup/wp-content/plugins/js_composer/assets/images/toggle_close.png]
[highgradelab.com/stash/digital-startup/wp-content/plugins/js_composer/assets/images/flickr.png]
[highgradelab.com/stash/digital-startup/wp-content/plugins/js_composer/assets/fonts/vc_grid/vc_grid_v157a1.eot]
[highgradelab.com/stash/digital-startup/wp-content/plugins/js_composer/assets/fonts/vc_grid/vc_grid_v1d41d.eot]
[highgradelab.com/stash/digital-startup/wp-content/plugins/js_composer/assets/fonts/vc_grid/vc_grid_v157a1.woff]
[highgradelab.com/stash/digital-startup/wp-content/plugins/js_composer/assets/fonts/vc_grid/vc_grid_v157a1.ttf]
[highgradelab.com/stash/digital-startup/wp-content/plugins/js_composer/assets/images/spinner.gif]
[highgradelab.com/stash/digital-startup/wp-content/plugins/js_composer/assets/css/js_composer.min5fba.css]
[highgradelab.com/stash/digital-startup/wp-content/themes/stash/custom-styles6c42.css]
[highgradelab.com/stash/digital-startup/wp-content/plugins/js_composer/assets/vc/remove.png]
[highgradelab.com/stash/digital-startup/wp-json/oembed/1.0/embedfaeb.json]
[highgradelab.com/stash/digital-startup/2014/02/27/love-these/feed/index.html]
[highgradelab.com/stash/digital-startup/wp-json/oembed/1.0/embed15ab]
[highgradelab.com/stash/digital-startup/wp-includes/js/comment-reply.min6c42.js]
[highgradelab.com/stash/digital-startup/2014/02/27/love-these/index.html]
[highgradelab.com/stash/digital-startup/wp-json/oembed/1.0/embedb6ba]
[highgradelab.com/stash/digital-startup/wp-json/oembed/1.0/embedd30e]
[highgradelab.com/stash/digital-startup/2014/02/27/there-you-go/feed/index.html]
[highgradelab.com/stash/digital-startup/2014/02/27/there-you-go/index.html]
[highgradelab.com/stash/digital-startup/wp-json/oembed/1.0/embed54d0.json]
[highgradelab.com/stash/digital-startup/wp-json/oembed/1.0/embedf687]
[highgradelab.com/stash/digital-startup/2014/02/27/heading-into-monday/index.html]
[highgradelab.com/stash/digital-startup/wp-content/plugins/js_composer/assets/lib/bower/animate-css/animate.min5fba.css]
[highgradelab.com/stash/digital-startup/wp-content/plugins/hgr_vc_extender/includes/fonts/fontawesome-webfontba72.svg]
[highgradelab.com/stash/digital-startup/wp-content/themes/stash/highgrade/fonts/social.svg]
[highgradelab.com/stash/digital-startup/wp-content/themes/stash/highgrade/fonts/blog-icons593e.svg]
[highgradelab.com/stash/digital-startup/wp-content/themes/stash/highgrade/fonts/outline.svg]
[highgradelab.com/stash/digital-startup/wp-content/themes/stash/highgrade/fonts/quote.svg]
[highgradelab.com/stash/digital-startup/wp-content/themes/stash/highgrade/fonts/preloader5b7a.html]
[highgradelab.com/stash/digital-startup/wp-content/themes/stash/highgrade/fonts/preloaderd41d.html]
[highgradelab.com/stash/digital-startup/wp-content/themes/stash/highgrade/fonts/preloader5b7a-2.html]
[highgradelab.com/stash/digital-startup/wp-content/themes/stash/highgrade/fonts/preloader5b7a-3.html]
[highgradelab.com/stash/digital-startup/wp-content/themes/stash/highgrade/fonts/preloader5b7a-4.html]
[highgradelab.com/stash/digital-startup/wp-content/themes/stash/highgrade/fonts/highgradef4fc.svg]
[highgradelab.com/stash/digital-startup/wp-content/themes/stash/highgrade/fonts/sage-cart6c06.svg]
[highgradelab.com/stash/digital-startup/wp-content/plugins/js_composer/assets/lib/bower/font-awesome/fonts/fontawesome-webfont5b62.html]
[highgradelab.com/stash/digital-startup/wp-content/plugins/js_composer/assets/fonts/vc_icons/fonts/VC-Icons8309.svg]
[highgradelab.com/stash/digital-startup/wp-content/plugins/js_composer/assets/fonts/vc_grid/vc_grid_v157a1.svg]
[highgradelab.com/stash/digital-startup/index0cf1.html]
[highgradelab.com/stash/digital-startup/author/admin/index.html]
[highgradelab.com/stash/digital-startup/category/photography/index.html]
[highgradelab.com/stash/digital-startup/tag/great-tag/index.html]
[highgradelab.com/stash/digital-startup/wp-content/themes/stash/woocommerce/images/down_arrow.png]
[highgradelab.com/stash/digital-startup/2014/02/index.html]
[highgradelab.com/stash/digital-startup/category/web-design/index.html]
[highgradelab.com/stash/digital-startup/author/admin/feed/index.html]
[highgradelab.com/stash/digital-startup/category/photography/feed/index.html]
[highgradelab.com/stash/digital-startup/tag/great-tag/feed/index.html]
[highgradelab.com/stash/digital-startup/category/web-design/feed/index.html]
[highgradelab.com/stash/digital-startup/wp-login.html]
[highgradelab.com/stash/digital-startup/index0bc1.html]
[highgradelab.com/stash/digital-startup/tag/another-tag/index.html]
[highgradelab.com/stash/digital-startup/tag/one-tag/index.html]
[highgradelab.com/stash/digital-startup/tag/another-tag/feed/index.html]
[highgradelab.com/stash/digital-startup/tag/one-tag/feed/index.html]
[highgradelab.com/stash/digital-startup/wp-admin/load-stylesfc89.css]
[highgradelab.com/stash/digital-startup/indexd3cd.html]
[highgradelab.com/stash/digital-startup/2014/02/27/heading-into-monday/feed/index.html]
[highgradelab.com/stash/digital-startup/wp-admin/images/loading.gif]
[highgradelab.com/stash/digital-startup/wp-admin/images/w-logo-blue7a53.png]
[highgradelab.com/stash/digital-startup/wp-admin/load-stylesfc89.css]
[highgradelab.com/stash/digital-startup/wp-includes/fonts/dashicons.eot]
[highgradelab.com/stash/digital-startup/wp-admin/index.html]
[highgradelab.com/stash/digital-startup/tag/no-tag/index.html]
[highgradelab.com/stash/digital-startup/wp-content/plugins/hgr_vc_extender/includes/fonts/outline.svg]
[highgradelab.com/stash/digital-startup/wp-content/plugins/hgr_vc_extender/includes/includes/gfx/elements-images/grabbing.html]
[highgradelab.com/stash/digital-startup/wp-content/plugins/hgr_vc_extender/includes/includes/gfx/elements-images/AjaxLoader.html]
[highgradelab.com/stash/digital-startup/wp-content/plugins/js_composer/assets/lib/bower/font-awesome/fonts/fontawesome-webfont5b62.svg]
[highgradelab.com/stash/digital-startup/wp-content/themes/img/cd-background-img.html]
[highgradelab.com/stash/digital-startup/wp-admin/images/wordpress-logo7d6b.svg]
[highgradelab.com/stash/digital-startup/wp-logind4c3.html]
[highgradelab.com/stash/digital-startup/tag/no-tag/feed/index.html]
[highgradelab.com/stash/digital-startup/wp-admin/&reauth=1.html]
